../Core/Src/main.c:172:5:main	8	static
../Core/Src/main.c:260:6:SystemClock_Config	88	static
../Core/Src/main.c:303:6:get_adc	8	static
../Core/Src/main.c:314:6:filter_adc	40	static
../Core/Src/main.c:390:6:print_lcd	8	static
../Core/Src/main.c:416:6:battery_voltage	8	static
../Core/Src/main.c:426:6:analog_pin_voltage	8	static
../Core/Src/main.c:433:6:HAL_GPIO_EXTI_Callback	16	static
../Core/Src/main.c:446:6:disp_clear	8	static
../Core/Src/main.c:453:7:map	32	static
../Core/Src/main.c:457:6:adc_1_to_val	16	static
../Core/Src/main.c:462:6:adc_2_to_val	16	static
../Core/Src/main.c:467:6:adc_3_to_val	16	static
../Core/Src/main.c:472:6:adc_4_to_val	16	static
../Core/Src/main.c:477:6:battery_capacity	8	static
../Core/Src/main.c:501:6:led_duty_f	8	static
../Core/Src/main.c:520:6:print_all_adc	8	static
../Core/Src/main.c:573:6:print_first_adc	8	static
../Core/Src/main.c:589:6:print_second_adc	8	static
../Core/Src/main.c:605:6:print_third_adc	8	static
../Core/Src/main.c:621:6:print_fourth_adc	8	static
../Core/Src/main.c:637:6:print_fifth_adc	8	static
../Core/Src/main.c:658:6:Error_Handler	4	static,ignoring_inline_asm
